// Jest Snapshot v1, https://goo.gl/fbAQLP

exports[`should render edit expense page 1`] = `
<div>
  <div
    className="page-header"
  >
    <div
      className="content_container"
    >
      <h3
        className="page-header__title"
      >
        Edit Expense
      </h3>
    </div>
  </div>
  <div
    className="content_container"
  >
    <ExpenseForm
      expense={
        Object {
          "amount": 109500,
          "createAt": -345600000,
          "description": "rent",
          "id": "2",
          "note": "",
        }
      }
      onSubmit={[Function]}
    />
    <button
      className="button button--secondary"
      onClick={[Function]}
    >
      Remove Expense
    </button>
  </div>
</div>
`;
